2026-08-30 04:44:11.445: [INFO] CurrentProfilePath: C:\Users\VK\eclipse-workspace\seleniumWebDiver\.metadata\.plugins\org.eclipse.swt\EBWebView\Default
2026-08-30 04:44:11.445: [INFO] Profiles total count: 1
2026-08-30 04:44:11.445: [INFO] Profile: name=Profile 1 path=C:\Users\VK\eclipse-workspace\seleniumWebDiver\.metadata\.plugins\org.eclipse.swt\EBWebView\Default lastActive=null
2026-08-30 04:44:11.445: [INFO] LastUsedProfileDir: C:\Users\VK\eclipse-workspace\seleniumWebDiver\.metadata\.plugins\org.eclipse.swt\EBWebView\Default
2026-08-30 04:44:11.445: [INFO] OnDoneLoading sync enabled: 0
2026-08-30 04:44:11.445: [INFO] BookmarkModelLoaded, ids_reassigned: 0
2026-08-30 04:44:11.445: [INFO] BookmarksLoadDropped droppedNodes=0
2026-08-30 04:44:11.445: [INFO] BookmarksSnapshot Startup total=0 bar=0 other=0 mobile=0 showBar=0 showBarNTP=1
2026-08-30 04:44:28.964: [INFO] BookmarksSnapshot Shutdown total=0 bar=0 other=0 mobile=0 showBar=0 showBarNTP=1
2026-08-30 04:44:29.880: [INFO] CurrentProfilePath: C:\Users\VK\eclipse-workspace\seleniumWebDiver\.metadata\.plugins\org.eclipse.swt\EBWebView\Default
2026-08-30 04:44:29.880: [INFO] Profiles total count: 1
2026-08-30 04:44:29.880: [INFO] Profile: name=Profile 1 path=C:\Users\VK\eclipse-workspace\seleniumWebDiver\.metadata\.plugins\org.eclipse.swt\EBWebView\Default lastActive=2026-08-30T04:44:12.309Z
2026-08-30 04:44:29.880: [INFO] LastUsedProfileDir: C:\Users\VK\eclipse-workspace\seleniumWebDiver\.metadata\.plugins\org.eclipse.swt\EBWebView\Default
2026-08-30 04:44:29.880: [INFO] MostRecentlyActiveProfile: name=Profile 1 path=C:\Users\VK\eclipse-workspace\seleniumWebDiver\.metadata\.plugins\org.eclipse.swt\EBWebView\Default lastActive=2026-08-30T04:44:12.309Z
2026-08-30 04:44:29.880: [INFO] OnDoneLoading sync enabled: 0
2026-08-30 04:44:29.880: [INFO] BookmarkModelLoaded, ids_reassigned: 0
2026-08-30 04:44:29.880: [INFO] BookmarksLoadDropped droppedNodes=0
2026-08-30 04:44:29.880: [INFO] BookmarksSnapshot Startup total=0 bar=0 other=0 mobile=0 showBar=0 showBarNTP=1
2026-08-30 04:55:31.008: [INFO] CurrentProfilePath: C:\Users\VK\eclipse-workspace\seleniumWebDiver\.metadata\.plugins\org.eclipse.swt\EBWebView\Default
2026-08-30 04:55:31.008: [INFO] Profiles total count: 1
2026-08-30 04:55:31.008: [INFO] Profile: name=Profile 1 path=C:\Users\VK\eclipse-workspace\seleniumWebDiver\.metadata\.plugins\org.eclipse.swt\EBWebView\Default lastActive=2026-08-30T04:44:12.309Z
2026-08-30 04:55:31.008: [INFO] LastUsedProfileDir: C:\Users\VK\eclipse-workspace\seleniumWebDiver\.metadata\.plugins\org.eclipse.swt\EBWebView\Default
2026-08-30 04:55:31.008: [INFO] MostRecentlyActiveProfile: name=Profile 1 path=C:\Users\VK\eclipse-workspace\seleniumWebDiver\.metadata\.plugins\org.eclipse.swt\EBWebView\Default lastActive=2026-08-30T04:44:12.309Z
2026-08-30 04:55:31.008: [INFO] OnDoneLoading sync enabled: 0
2026-08-30 04:55:31.008: [INFO] BookmarkModelLoaded, ids_reassigned: 0
2026-08-30 04:55:31.008: [INFO] BookmarksLoadDropped droppedNodes=0
2026-08-30 04:55:31.008: [INFO] BookmarksSnapshot Startup total=0 bar=0 other=0 mobile=0 showBar=0 showBarNTP=1
2026-08-30 04:55:51.329: [INFO] BookmarksSnapshot Shutdown total=0 bar=0 other=0 mobile=0 showBar=0 showBarNTP=1
2026-08-30 04:58:08.282: [INFO] CurrentProfilePath: C:\Users\VK\eclipse-workspace\seleniumWebDiver\.metadata\.plugins\org.eclipse.swt\EBWebView\Default
2026-08-30 04:58:08.282: [INFO] Profiles total count: 1
2026-08-30 04:58:08.282: [INFO] Profile: name=Profile 1 path=C:\Users\VK\eclipse-workspace\seleniumWebDiver\.metadata\.plugins\org.eclipse.swt\EBWebView\Default lastActive=2026-08-30T04:44:12.309Z
2026-08-30 04:58:08.282: [INFO] LastUsedProfileDir: C:\Users\VK\eclipse-workspace\seleniumWebDiver\.metadata\.plugins\org.eclipse.swt\EBWebView\Default
2026-08-30 04:58:08.282: [INFO] MostRecentlyActiveProfile: name=Profile 1 path=C:\Users\VK\eclipse-workspace\seleniumWebDiver\.metadata\.plugins\org.eclipse.swt\EBWebView\Default lastActive=2026-08-30T04:44:12.309Z
2026-08-30 04:58:08.282: [INFO] OnDoneLoading sync enabled: 0
2026-08-30 04:58:08.282: [INFO] BookmarkModelLoaded, ids_reassigned: 0
2026-08-30 04:58:08.282: [INFO] BookmarksLoadDropped droppedNodes=0
2026-08-30 04:58:08.282: [INFO] BookmarksSnapshot Startup total=0 bar=0 other=0 mobile=0 showBar=0 showBarNTP=1
2026-08-30 04:58:15.196: [INFO] BookmarksSnapshot Shutdown total=0 bar=0 other=0 mobile=0 showBar=0 showBarNTP=1
2026-08-30 05:00:25.026: [INFO] CurrentProfilePath: C:\Users\VK\eclipse-workspace\seleniumWebDiver\.metadata\.plugins\org.eclipse.swt\EBWebView\Default
2026-08-30 05:00:25.026: [INFO] Profiles total count: 1
2026-08-30 05:00:25.027: [INFO] Profile: name=Profile 1 path=C:\Users\VK\eclipse-workspace\seleniumWebDiver\.metadata\.plugins\org.eclipse.swt\EBWebView\Default lastActive=2026-08-30T04:58:40.374Z
2026-08-30 05:00:25.027: [INFO] LastUsedProfileDir: C:\Users\VK\eclipse-workspace\seleniumWebDiver\.metadata\.plugins\org.eclipse.swt\EBWebView\Default
2026-08-30 05:00:25.027: [INFO] MostRecentlyActiveProfile: name=Profile 1 path=C:\Users\VK\eclipse-workspace\seleniumWebDiver\.metadata\.plugins\org.eclipse.swt\EBWebView\Default lastActive=2026-08-30T04:58:40.374Z
2026-08-30 05:00:25.027: [INFO] OnDoneLoading sync enabled: 0
2026-08-30 05:00:25.027: [INFO] BookmarkModelLoaded, ids_reassigned: 0
2026-08-30 05:00:25.027: [INFO] BookmarksLoadDropped droppedNodes=0
2026-08-30 05:00:25.027: [INFO] BookmarksSnapshot Startup total=0 bar=0 other=0 mobile=0 showBar=0 showBarNTP=1
2026-08-30 05:00:28.480: [INFO] BookmarksSnapshot Shutdown total=0 bar=0 other=0 mobile=0 showBar=0 showBarNTP=1
2026-08-30 05:04:19.813: [INFO] CurrentProfilePath: C:\Users\VK\eclipse-workspace\seleniumWebDiver\.metadata\.plugins\org.eclipse.swt\EBWebView\Default
2026-08-30 05:04:19.813: [INFO] Profiles total count: 1
2026-08-30 05:04:19.813: [INFO] Profile: name=Profile 1 path=C:\Users\VK\eclipse-workspace\seleniumWebDiver\.metadata\.plugins\org.eclipse.swt\EBWebView\Default lastActive=2026-08-30T04:58:40.374Z
2026-08-30 05:04:19.813: [INFO] LastUsedProfileDir: C:\Users\VK\eclipse-workspace\seleniumWebDiver\.metadata\.plugins\org.eclipse.swt\EBWebView\Default
2026-08-30 05:04:19.813: [INFO] MostRecentlyActiveProfile: name=Profile 1 path=C:\Users\VK\eclipse-workspace\seleniumWebDiver\.metadata\.plugins\org.eclipse.swt\EBWebView\Default lastActive=2026-08-30T04:58:40.374Z
2026-08-30 05:04:19.813: [INFO] OnDoneLoading sync enabled: 0
2026-08-30 05:04:19.813: [INFO] BookmarkModelLoaded, ids_reassigned: 0
2026-08-30 05:04:19.813: [INFO] BookmarksLoadDropped droppedNodes=0
2026-08-30 05:04:19.813: [INFO] BookmarksSnapshot Startup total=0 bar=0 other=0 mobile=0 showBar=0 showBarNTP=1
2026-08-30 05:04:23.849: [INFO] BookmarksSnapshot Shutdown total=0 bar=0 other=0 mobile=0 showBar=0 showBarNTP=1
2026-08-30 05:09:37.750: [INFO] CurrentProfilePath: C:\Users\VK\eclipse-workspace\seleniumWebDiver\.metadata\.plugins\org.eclipse.swt\EBWebView\Default
2026-08-30 05:09:37.750: [INFO] Profiles total count: 1
2026-08-30 05:09:37.751: [INFO] Profile: name=Profile 1 path=C:\Users\VK\eclipse-workspace\seleniumWebDiver\.metadata\.plugins\org.eclipse.swt\EBWebView\Default lastActive=2026-08-30T05:04:21.377Z
2026-08-30 05:09:37.751: [INFO] LastUsedProfileDir: C:\Users\VK\eclipse-workspace\seleniumWebDiver\.metadata\.plugins\org.eclipse.swt\EBWebView\Default
2026-08-30 05:09:37.751: [INFO] MostRecentlyActiveProfile: name=Profile 1 path=C:\Users\VK\eclipse-workspace\seleniumWebDiver\.metadata\.plugins\org.eclipse.swt\EBWebView\Default lastActive=2026-08-30T05:04:21.377Z
2026-08-30 05:09:37.751: [INFO] OnDoneLoading sync enabled: 0
2026-08-30 05:09:37.751: [INFO] BookmarkModelLoaded, ids_reassigned: 0
2026-08-30 05:09:37.751: [INFO] BookmarksLoadDropped droppedNodes=0
2026-08-30 05:09:37.751: [INFO] BookmarksSnapshot Startup total=0 bar=0 other=0 mobile=0 showBar=0 showBarNTP=1
2026-08-30 05:10:01.062: [INFO] BookmarksSnapshot Shutdown total=0 bar=0 other=0 mobile=0 showBar=0 showBarNTP=1
2026-08-30 05:13:34.514: [INFO] CurrentProfilePath: C:\Users\VK\eclipse-workspace\seleniumWebDiver\.metadata\.plugins\org.eclipse.swt\EBWebView\Default
2026-08-30 05:13:34.514: [INFO] Profiles total count: 1
2026-08-30 05:13:34.514: [INFO] Profile: name=Profile 1 path=C:\Users\VK\eclipse-workspace\seleniumWebDiver\.metadata\.plugins\org.eclipse.swt\EBWebView\Default lastActive=2026-08-30T05:09:57.877Z
2026-08-30 05:13:34.514: [INFO] LastUsedProfileDir: C:\Users\VK\eclipse-workspace\seleniumWebDiver\.metadata\.plugins\org.eclipse.swt\EBWebView\Default
2026-08-30 05:13:34.514: [INFO] MostRecentlyActiveProfile: name=Profile 1 path=C:\Users\VK\eclipse-workspace\seleniumWebDiver\.metadata\.plugins\org.eclipse.swt\EBWebView\Default lastActive=2026-08-30T05:09:57.877Z
2026-08-30 05:13:34.514: [INFO] OnDoneLoading sync enabled: 0
2026-08-30 05:13:34.514: [INFO] BookmarkModelLoaded, ids_reassigned: 0
2026-08-30 05:13:34.514: [INFO] BookmarksLoadDropped droppedNodes=0
2026-08-30 05:13:34.514: [INFO] BookmarksSnapshot Startup total=0 bar=0 other=0 mobile=0 showBar=0 showBarNTP=1
2026-08-30 05:13:38.026: [INFO] BookmarksSnapshot Shutdown total=0 bar=0 other=0 mobile=0 showBar=0 showBarNTP=1
2026-08-30 05:15:54.420: [INFO] CurrentProfilePath: C:\Users\VK\eclipse-workspace\seleniumWebDiver\.metadata\.plugins\org.eclipse.swt\EBWebView\Default
2026-08-30 05:15:54.420: [INFO] Profiles total count: 1
2026-08-30 05:15:54.421: [INFO] Profile: name=Profile 1 path=C:\Users\VK\eclipse-workspace\seleniumWebDiver\.metadata\.plugins\org.eclipse.swt\EBWebView\Default lastActive=2026-08-30T05:09:57.877Z
2026-08-30 05:15:54.421: [INFO] LastUsedProfileDir: C:\Users\VK\eclipse-workspace\seleniumWebDiver\.metadata\.plugins\org.eclipse.swt\EBWebView\Default
2026-08-30 05:15:54.421: [INFO] MostRecentlyActiveProfile: name=Profile 1 path=C:\Users\VK\eclipse-workspace\seleniumWebDiver\.metadata\.plugins\org.eclipse.swt\EBWebView\Default lastActive=2026-08-30T05:09:57.877Z
2026-08-30 05:15:54.421: [INFO] OnDoneLoading sync enabled: 0
2026-08-30 05:15:54.421: [INFO] BookmarkModelLoaded, ids_reassigned: 0
2026-08-30 05:15:54.421: [INFO] BookmarksLoadDropped droppedNodes=0
2026-08-30 05:15:54.421: [INFO] BookmarksSnapshot Startup total=0 bar=0 other=0 mobile=0 showBar=0 showBarNTP=1
2026-08-30 05:16:02.828: [INFO] BookmarksSnapshot Shutdown total=0 bar=0 other=0 mobile=0 showBar=0 showBarNTP=1
2026-08-30 05:20:56.566: [INFO] CurrentProfilePath: C:\Users\VK\eclipse-workspace\seleniumWebDiver\.metadata\.plugins\org.eclipse.swt\EBWebView\Default
2026-08-30 05:20:56.566: [INFO] Profiles total count: 1
2026-08-30 05:20:56.566: [INFO] Profile: name=Profile 1 path=C:\Users\VK\eclipse-workspace\seleniumWebDiver\.metadata\.plugins\org.eclipse.swt\EBWebView\Default lastActive=2026-08-30T05:15:55.967Z
2026-08-30 05:20:56.566: [INFO] LastUsedProfileDir: C:\Users\VK\eclipse-workspace\seleniumWebDiver\.metadata\.plugins\org.eclipse.swt\EBWebView\Default
2026-08-30 05:20:56.566: [INFO] MostRecentlyActiveProfile: name=Profile 1 path=C:\Users\VK\eclipse-workspace\seleniumWebDiver\.metadata\.plugins\org.eclipse.swt\EBWebView\Default lastActive=2026-08-30T05:15:55.967Z
2026-08-30 05:20:56.566: [INFO] OnDoneLoading sync enabled: 0
2026-08-30 05:20:56.566: [INFO] BookmarkModelLoaded, ids_reassigned: 0
2026-08-30 05:20:56.566: [INFO] BookmarksLoadDropped droppedNodes=0
2026-08-30 05:20:56.566: [INFO] BookmarksSnapshot Startup total=0 bar=0 other=0 mobile=0 showBar=0 showBarNTP=1
2026-08-30 05:20:59.095: [INFO] BookmarksSnapshot Shutdown total=0 bar=0 other=0 mobile=0 showBar=0 showBarNTP=1
